===== TEST EXECUTION STARTED =====
Opening saucedemo.com...
Starting negative login tests...
Negative test: should show no match error (user: standard_user)
Error displayed: Epic sadface: Username and password do not match any user in this service
Negative test PASSED: Expected error shown
Negative test: should show locked out error (user: locked_out_user)
Error displayed: Epic sadface: Sorry, this user has been locked out.
Negative test PASSED: Expected error shown
Negative tests completed. Now running positive flow...
Performing positive login...
Login successful – full inventory loaded
Adding items to cart...
Added item: add-to-cart-sauce-labs-backpack
Added item: add-to-cart-sauce-labs-bike-light
Added item: add-to-cart-sauce-labs-fleece-jacket
Items in cart: 3
Opening cart...
Proceeding to checkout...
Filling customer info...
Finishing order...
PASS: Order completed successfully! (Positive flow)
===== TEST EXECUTION FINISHED =====
